The target system is: Generic - 4.0.99 - arm
The host system is: Linux - 7.1.8-arch1-3 - x86_64
Compiling the C compiler identification source file "CMakeCCompilerId.c" succeeded.
Compiler: /home/bhrz/ncs/toolchains/7cbc0036f4/opt/zephyr-sdk/arm-zephyr-eabi/bin/arm-zephyr-eabi-gcc 
Build flags: 
Id flags: -c 

The output was:
0


Compilation of the C compiler identification source "CMakeCCompilerId.c" produced "CMakeCCompilerId.o"

The C compiler identification is GNU, found in "/home/bhrz/Documents/Classes/Flavin_Lab/Github/Firmware/build/Firmware/CMakeFiles/3.21.0/CompilerIdC/CMakeCCompilerId.o"

Compiling the CXX compiler identification source file "CMakeCXXCompilerId.cpp" succeeded.
Compiler: /home/bhrz/ncs/toolchains/7cbc0036f4/opt/zephyr-sdk/arm-zephyr-eabi/bin/arm-zephyr-eabi-g++ 
Build flags: 
Id flags: -c 

The output was:
0


Compilation of the CXX compiler identification source "CMakeCXXCompilerId.cpp" produced "CMakeCXXCompilerId.o"

The CXX compiler identification is GNU, found in "/home/bhrz/Documents/Classes/Flavin_Lab/Github/Firmware/build/Firmware/CMakeFiles/3.21.0/CompilerIdCXX/CMakeCXXCompilerId.o"

Checking whether the ASM compiler is GNU using "--version" matched "(GNU assembler)|(GCC)|(Free Software Foundation)":
arm-zephyr-eabi-gcc (Zephyr SDK 0.17.0) 12.2.0
Copyright (C) 2022 Free Software Foundation, Inc.
This is free software; see the source for copying conditions.  There is NO
warranty; not even for MERCHANTABILITY or FITNESS FOR A PARTICULAR PURPOSE.

Determining if files stdatomic.h exist passed with the following output:
Change Dir: /home/bhrz/Documents/Classes/Flavin_Lab/Github/Firmware/build/Firmware/CMakeFiles/CMakeTmp

Run Build Command(s):/home/bhrz/ncs/toolchains/7cbc0036f4/usr/local/bin/ninja cmTC_8db96 && [1/2] Building C object CMakeFiles/cmTC_8db96.dir/HAVE_STDATOMIC_H.c.obj
[2/2] Linking C executable cmTC_8db96
arm-zephyr-eabi-gcc: warning: CMakeFiles/cmTC_8db96.dir/HAVE_STDATOMIC_H.c.obj: linker input file unused because linking not done



Determining if files fcntl.h exist passed with the following output:
Change Dir: /home/bhrz/Documents/Classes/Flavin_Lab/Github/Firmware/build/Firmware/CMakeFiles/CMakeTmp

Run Build Command(s):/home/bhrz/ncs/toolchains/7cbc0036f4/usr/local/bin/ninja cmTC_797e5 && [1/2] Building C object CMakeFiles/cmTC_797e5.dir/HAVE_FCNTL_H.c.obj
[2/2] Linking C executable cmTC_797e5
arm-zephyr-eabi-gcc: warning: CMakeFiles/cmTC_797e5.dir/HAVE_FCNTL_H.c.obj: linker input file unused because linking not done



